---
source: schema_snapshot_tests.cpp
created_at: 2026-05-04
---
{
    "$schema": "https://json-schema.org/draft/2020-12/schema",
    "type": "object",
    "properties": {
        "id": {
            "type": "integer",
            "minimum": -2147483648,
            "maximum": 2147483647
        },
        "name": {
            "type": "string"
        },
        "scores": {
            "type": "array",
            "items": {
                "type": "integer",
                "minimum": -2147483648,
                "maximum": 2147483647
            }
        },
        "active": {
            "type": "boolean"
        }
    },
    "required": [
        "id",
        "name",
        "scores",
        "active"
    ]
}

