---
source: schema_snapshot_tests.cpp
created_at: 2026-05-04
---
{
    "$schema": "https://json-schema.org/draft/2020-12/schema",
    "type": "object",
    "properties": {
        "groups": {
            "type": "object",
            "additionalProperties": {
                "type": "array",
                "items": {
                    "$ref": "#/$defs/Point2i"
                }
            }
        }
    },
    "required": [
        "groups"
    ],
    "$defs": {
        "Point2i": {
            "type": "object",
            "properties": {
                "x": {
                    "type": "integer",
                    "minimum": -2147483648,
                    "maximum": 2147483647
                },
                "y": {
                    "type": "integer",
                    "minimum": -2147483648,
                    "maximum": 2147483647
                }
            },
            "required": [
                "x",
                "y"
            ]
        }
    }
}

